// Jest Snapshot v1, https://goo.gl/fbAQLP

exports[`App Component matches snapshot 1`] = `
<div>
  <header
    class="header-container"
  >
    <p
      class="header-title"
    >
      <strong
        class="header-title-first"
      >
        netflix
      </strong>
      roulette
    </p>
    <button
      class="header-button"
      type="button"
    >
      + Add Movie
    </button>
  </header>
  <div
    class="movie-page-container"
  >
    <div
      class="movie-page-search-image-background"
    >
      <div>
        Loading...
      </div>
    </div>
    <div>
      <div
        class="movie-page-film-filter"
      >
        <ul
          class="list-container"
        >
          <li
            class="item-light"
          >
            All
          </li>
          <li
            class=""
          >
            Fantasy
          </li>
          <li
            class=""
          >
            Adventure
          </li>
          <li
            class=""
          >
            Romance
          </li>
          <li
            class=""
          >
            Science Fiction
          </li>
          <li
            class=""
          >
            Documentary
          </li>
          <li
            class=""
          >
            Comedy
          </li>
          <li
            class=""
          >
            Action
          </li>
        </ul>
        <label
          class="select-label"
        >
          <span
            class="select-label-text"
          >
            SORT BY:
          </span>
          <select
            class="select-component"
          >
            <option
              class="select-option"
              value="release_date"
            >
              RELEASE DATE
            </option>
            <option
              class="select-option"
              value="title"
            >
              TITLE
            </option>
          </select>
        </label>
      </div>
      <div
        class="movie-page-film-counter"
      >
        <strong>
          0
        </strong>
         
        movies found
      </div>
      <div
        class="movie-page-film-list"
      />
    </div>
  </div>
  <footer
    class="footer-container"
  >
    <p
      class="footer-title"
    >
      <strong
        class="footer-title-first"
      >
        netflix
      </strong>
      roulette
    </p>
  </footer>
</div>
`;
