// Jest Snapshot v1, https://goo.gl/fbAQLP

exports[`MovieDetails component Matches snapshot 1`] = `
<div>
  <div
    class="movie-details-container"
  >
    <div
      class="movie-details-container-image"
    >
      <img
        alt="film poster"
        class="movie-card-image"
      />
    </div>
    <div
      class="movie-details-container-description"
    >
      <div
        class="movie-details-description-title"
      >
        <h4
          class="movie-details-name"
        />
        <span
          class="movie-details-rating"
        />
      </div>
      <span
        class="movie-details-genres"
      >
        -
      </span>
      <div
        class="movie-details-container-subtitle"
      >
        <span
          class="movie-details-year"
        />
        <span
          class="movie-details-duration"
        />
      </div>
      <p
        class="movie-details-description"
      />
    </div>
  </div>
</div>
`;
