// Jest Snapshot v1, https://goo.gl/fbAQLP

exports[`MovieForm matches snapshot 1`] = `
<div>
  <form
    class="movie-form-container"
  >
    <div
      class="movie-form-container-input"
    >
      <label
        class="movie-form-label-container movie-form-label-main"
      >
        <span
          class="movie-form-label-title"
        >
          TITLE
        </span>
        <input
          class="movie-form-label-input"
          id="title"
          name="title"
          placeholder="Provide title"
          type="text"
          value="The Matrix"
        />
      </label>
      <label
        class="movie-form-label-container-second"
      >
        <span
          class="movie-form-label-title"
        >
          Date:
        </span>
        <input
          class="movie-form-label-input-second"
          id="date"
          name="date"
          placeholder="Select Date"
          type="date"
          value="1999-03-31"
        />
      </label>
    </div>
    <div
      class="movie-form-container-input"
    >
      <label
        class="movie-form-label-container movie-form-label-main"
      >
        <span
          class="movie-form-label-title"
        >
          MOVIE URL
        </span>
        <input
          class="movie-form-label-input"
          id="movieURL"
          name="movieURL"
          placeholder="https://"
          type="text"
          value="https://movie-test/"
        />
      </label>
      <label
        class="movie-form-label-container"
      >
        <span
          class="movie-form-label-title"
        >
          RATING
        </span>
        <input
          class="movie-form-label-input-second"
          id="movieRating"
          name="movieRating"
          placeholder="0.0"
          type="text"
          value="8.7"
        />
      </label>
    </div>
    <div
      class="movie-form-container-input"
    >
      <label
        class="movie-form-label-container movie-form-label-main"
      >
        <span
          class="movie-form-label-title"
        >
          GENRE
        </span>
        <select
          class="movie-form-label-input"
          id="genre"
          name="genre"
        >
          <option
            value="default"
          >
            Select Genre
          </option>
          <option
            value="documentary"
          >
            Documentary
          </option>
          <option
            selected=""
            value="comedy"
          >
            Comedy
          </option>
          <option
            value="horror"
          >
            Horror
          </option>
          <option
            value="crime"
          >
            Crime
          </option>
        </select>
      </label>
      <label
        class="movie-form-label-container"
      >
        <span
          class="movie-form-label-title"
        >
          RUNTIME
        </span>
        <input
          class="movie-form-label-input-second"
          id="runtime"
          name="runtime"
          placeholder="min"
          type="text"
          value="136"
        />
      </label>
    </div>
    <label
      class="movie-form-label-container"
    >
      <span
        class="movie-form-label-title"
      >
        OVERVIEW
      </span>
      <textarea
        class="movie-form-label-textarea"
        id="overview"
        name="overview"
        placeholder="Movie description"
      >
        A computer hacker learns from mysterious rebels about the true nature of his reality and his role in the war against its controllers.
      </textarea>
    </label>
    <div
      class="movie-form-container-buttons"
    >
      <button
        class="movie-form-container-button-cancel"
        type="reset"
      >
        Cancel
      </button>
      <button
        class="movie-form-container-button-submit"
        type="submit"
      >
        Submit
      </button>
    </div>
  </form>
</div>
`;
